# language=xml files=6 symbols=547 relations=0 cross_file=0

== catalog/products.xml (309 lines)
S 1-309 module products
S 26-26 element weight
S 27-27 element volume
S 28-33 element colour
S 34-39 element storage
S 40-40 element hazmat
S 41-41 element origin
S 42-42 element shelfLifeDays
S 49-53 element sup-acme
S 50-50 element sup-acme::Acme Ibérica S.L.
S 54-58 element sup-globex
S 55-55 element sup-globex::Globex GmbH
S 59-63 element sup-initech
S 60-60 element sup-initech::Initech Inc.
S 64-68 element sup-kōbō
S 65-65 element sup-kōbō::工房たなか
S 75-89 element cat-home
S 76-76 element cat-home::Hogar
S 77-85 element cat-home::cat-kitchen
S 78-78 element cat-kitchen::Cocina
S 79-81 element cat-kitchen::cat-cookware
S 80-80 element cat-cookware::Menaje
S 82-84 element cat-kitchen::cat-cutlery
S 83-83 element cat-cutlery::Cubertería
S 86-88 element cat-home::cat-textile
S 87-87 element cat-textile::Textil
S 90-101 element cat-food
S 91-91 element cat-food::Alimentación
S 92-94 element cat-food::cat-pantry
S 93-93 element cat-pantry::Despensa
S 95-100 element cat-food::cat-chilled
S 96-96 element cat-chilled::Refrigerados
S 97-99 element cat-chilled::cat-dairy
S 98-98 element cat-dairy::Lácteos
S 102-110 element cat-garden
S 103-103 element cat-garden::Jardín
S 104-106 element cat-garden::cat-furniture
S 105-105 element cat-furniture::Muebles de exterior
S 107-109 element cat-garden::cat-tools
S 108-108 element cat-tools::Herramientas
S 114-116 element cat-clearance
S 115-115 element cat-clearance::Liquidación
S 124-136 element sku-1001
S 125-125 element sku-1001::Sartén antiadherente 28 cm
S 126-126 element sku-1001::Non-stick frying pan 28 cm
S 138-149 element sku-1002
S 139-139 element sku-1002::Olla a presión 6 L
S 145-148 element sku-1002::bundle-1002-spares
S 151-157 element sku-1003
S 152-152 element sku-1003::Junta de repuesto para olla 6 L
S 159-165 element sku-1004
S 160-160 element sku-1004::Válvula de seguridad
S 167-179 element sku-1101
S 168-168 element sku-1101::Cuchillo santoku 18 cm
S 169-169 element sku-1101::三徳包丁 18cm
S 181-193 element sku-1201
S 182-182 element sku-1201::Mantel de lino 150 × 250
S 188-188 element sku-1201::sku-1201-wht
S 189-189 element sku-1201::sku-1201-red
S 195-207 element sku-2001
S 196-196 element sku-2001::Aceite de oliva virgen extra 1 L
S 204-204 element sku-2001::lot-2001-2609
S 205-205 element sku-2001::lot-2001-2610
S 209-219 element sku-2101
S 210-210 element sku-2101::Queso manchego curado 250 g
S 217-217 element sku-2101::lot-2101-2609
S 221-228 element sku-2102
S 222-222 element sku-2102::Yogur natural pack 4
S 230-237 element sku-2103
S 231-231 element sku-2103::Yogur griego pack 4
S 239-246 element sku-3001
S 240-240 element sku-3001::Mesa de teca 180 cm
S 248-258 element sku-3002
S 249-249 element sku-3002::Silla apilable (pack 4)
S 254-257 element sku-3002::bundle-patio
S 260-271 element sku-3101
S 261-261 element sku-3101::Desbrozadora a batería 36 V
S 269-269 element sku-3101::doc-3101-msds
S 273-283 element sku-3102
S 274-274 element sku-3102::Batería de repuesto 36 V 4 Ah
S 285-290 element sku-9001
S 286-286 element sku-9001::Lote de cubiertos desparejados
S 297-302 element pl-wholesale
S 303-307 element pl-uk

== config/application.xml (375 lines)
S 1-375 module application
S 52-58 element applicationDefaults
S 60-65 element supportedCurrencies
S 67-72 element carrierEndpoints
S 74-78 element restrictedCountries
S 80-80 element maxOrderLines
S 85-85 element clock
S 87-90 element idGenerator
S 88-88 element idGenerator::workerId
S 89-89 element idGenerator::clock
S 92-97 element moneyFormat
S 95-95 element moneyFormat::roundingMode
S 96-96 element moneyFormat::scale
S 99-109 element exchangeRates
S 103-103 element exchangeRates::endpoint
S 104-104 element exchangeRates::timeoutMillis
S 107-107 element exchangeRates::ttlSeconds
S 108-108 element exchangeRates::clock
S 114-118 element abstractRepository
S 115-115 element abstractRepository::jdbcTemplate
S 116-116 element abstractRepository::clock
S 117-117 element abstractRepository::idGenerator
S 120-124 element productRepository
S 122-122 element productRepository::tableName
S 123-123 element productRepository::cache
S 126-130 element stockRepository
S 128-128 element stockRepository::tableName
S 129-129 element stockRepository::lockTimeoutMillis
S 132-137 element orderRepository
S 134-134 element orderRepository::tableName
S 135-135 element orderRepository::linesTableName
S 136-136 element orderRepository::maxLines
S 139-142 element shipmentRepository
S 141-141 element shipmentRepository::tableName
S 144-148 element invoiceRepository
S 146-146 element invoiceRepository::tableName
S 147-147 element invoiceRepository::archiveDataSource
S 153-173 element cacheManager
S 154-172 element cacheManager::caches
S 156-160 element caches::productCache
S 157-157 element productCache::name
S 158-158 element productCache::maximumSize
S 159-159 element productCache::expireAfterWrite
S 161-165 element caches::rateCache
S 162-162 element rateCache::name
S 163-163 element rateCache::maximumSize
S 164-164 element rateCache::expireAfterWrite
S 166-170 element caches::sessionCache
S 167-167 element sessionCache::name
S 168-168 element sessionCache::maximumSize
S 169-169 element sessionCache::expireAfterAccess
S 178-188 element catalogService
S 181-187 element catalogService::importer
S 182-186 element importer::catalogImporter
S 183-183 element catalogImporter::source
S 184-184 element catalogImporter::validateAgainst
S 185-185 element catalogImporter::batchSize
S 190-201 element inventoryService
S 191-191 element inventoryService::stock
S 192-192 element inventoryService::catalog
S 193-193 element inventoryService::events
S 194-200 element inventoryService::reorderPolicy
S 196-196 element reorderPolicy::safetyStockDays
S 197-197 element reorderPolicy::leadTimeDays
S 198-198 element reorderPolicy::serviceLevel
S 203-231 element pricingService
S 206-230 element pricingService::rules
S 208-216 element rules::volumeDiscount
S 209-215 element volumeDiscount::thresholds
S 217-219 element rules::loyaltyDiscount
S 218-218 element loyaltyDiscount::tiers
S 220-228 element rules::vatRule
S 221-221 element vatRule::defaultRate
S 222-227 element vatRule::reducedRates
S 233-241 element orderService
S 238-238 element orderService::transactionManager
S 239-239 element orderService::auditLog
S 240-240 element orderService::restrictedCountries
S 243-256 element shippingService
S 246-255 element shippingService::labelPrinter
S 247-254 element labelPrinter::labelPrinter
S 248-248 element labelPrinter::host
S 249-249 element labelPrinter::port
S 250-253 element labelPrinter::template
S 258-264 element billingService
S 262-262 element billingService::invoiceNumberPattern
S 263-263 element billingService::mailer
S 269-278 element eventBus
S 271-277 element eventBus::listeners
S 280-281 element eventExecutor
S 283-283 element scheduler
S 292-304 element mailer
S 293-293 element mailer::host
S 294-294 element mailer::port
S 295-295 element mailer::from
S 296-296 element mailer::startTls
S 297-303 element mailer::templates
S 309-313 element objectMapper
S 310-312 element objectMapper::propertyNamingStrategy
S 315-352 element httpServer
S 317-317 element httpServer::port
S 318-323 element httpServer::filters
S 324-351 element httpServer::routes
S 327-330 element routes::productController
S 333-336 element routes::orderController
S 339-342 element routes::shipmentController
S 345-348 element routes::invoiceController
S 354-358 element requestLoggingFilter
S 355-355 element requestLoggingFilter::logger
S 356-356 element requestLoggingFilter::includeHeaders
S 357-357 element requestLoggingFilter::maxPayloadLength
S 362-366 element devDataLoader
S 364-364 element devDataLoader::catalog
S 365-365 element devDataLoader::seedFile
S 370-373 element metricsReporter
S 371-371 element metricsReporter::port
S 372-372 element metricsReporter::prefix

== config/datasource.xml (339 lines)
S 1-339 module datasource
S 25-43 element poolDefaults
S 27-27 element poolDefaults::driverClassName
S 28-28 element poolDefaults::maximumPoolSize
S 29-29 element poolDefaults::minimumIdle
S 30-30 element poolDefaults::connectionTimeout
S 31-31 element poolDefaults::idleTimeout
S 32-32 element poolDefaults::maxLifetime
S 33-33 element poolDefaults::leakDetectionThreshold
S 34-42 element poolDefaults::dataSourceProperties
S 45-50 element dataSource
S 46-46 element dataSource::poolName
S 47-47 element dataSource::jdbcUrl
S 48-48 element dataSource::username
S 49-49 element dataSource::password
S 52-59 element replicaDataSource
S 53-53 element replicaDataSource::poolName
S 54-54 element replicaDataSource::jdbcUrl
S 55-55 element replicaDataSource::username
S 56-56 element replicaDataSource::password
S 57-57 element replicaDataSource::readOnly
S 58-58 element replicaDataSource::maximumPoolSize
S 61-68 element archiveDataSource
S 62-62 element archiveDataSource::poolName
S 63-63 element archiveDataSource::jdbcUrl
S 64-64 element archiveDataSource::username
S 65-65 element archiveDataSource::password
S 66-66 element archiveDataSource::maximumPoolSize
S 67-67 element archiveDataSource::minimumIdle
S 71-79 element routingDataSource
S 72-77 element routingDataSource::targetDataSources
S 78-78 element routingDataSource::defaultTargetDataSource
S 81-83 element lazyDataSource
S 88-93 element jdbcTemplate
S 90-90 element jdbcTemplate::fetchSize
S 91-91 element jdbcTemplate::queryTimeout
S 92-92 element jdbcTemplate::exceptionTranslator
S 95-97 element namedJdbcTemplate
S 99-102 element archiveJdbcTemplate
S 101-101 element archiveJdbcTemplate::queryTimeout
S 104-128 element sqlErrorTranslator
S 105-105 element sqlErrorTranslator::dataSource
S 106-127 element sqlErrorTranslator::sqlErrorCodes
S 108-108 element sqlErrorCodes::duplicateKeyCodes
S 109-109 element sqlErrorCodes::dataIntegrityViolationCodes
S 110-110 element sqlErrorCodes::cannotAcquireLockCodes
S 111-111 element sqlErrorCodes::deadlockLoserCodes
S 112-125 element sqlErrorCodes::customTranslations
S 115-115 element customTranslations::errorCodes
S 116-117 element customTranslations::exceptionClass
S 120-120 element customTranslations::errorCodes
S 121-122 element customTranslations::exceptionClass
S 133-137 element txManager
S 134-134 element txManager::dataSource
S 135-135 element txManager::defaultTimeout
S 136-136 element txManager::rollbackOnCommitFailure
S 139-141 element archiveTxManager
S 140-140 element archiveTxManager::dataSource
S 143-147 element transactionTemplate
S 144-144 element transactionTemplate::transactionManager
S 145-145 element transactionTemplate::isolationLevelName
S 146-146 element transactionTemplate::timeout
S 149-168 element retryingTransactionTemplate
S 152-152 element retryingTransactionTemplate::maxAttempts
S 153-160 element retryingTransactionTemplate::backoff
S 155-155 element backoff::initialMillis
S 156-156 element backoff::multiplier
S 157-157 element backoff::maxMillis
S 158-158 element backoff::jitter
S 161-167 element retryingTransactionTemplate::retryOn
S 170-182 element txAdvice
S 172-172 element txAdvice::find*
S 173-173 element txAdvice::get*
S 174-174 element txAdvice::list*
S 175-175 element txAdvice::count*
S 176-176 element txAdvice::reserve*
S 177-178 element txAdvice::post*
S 179-179 element txAdvice::archive*
S 180-180 element txAdvice::*
S 184-188 element archiveTxAdvice
S 186-186 element archiveTxAdvice::*
S 191-192 element serviceOperations
S 193-194 element archiveOperations
S 197-199 element slowQueryAspect
S 202-205 element slowQueryMonitor
S 203-203 element slowQueryMonitor::thresholdMillis
S 204-204 element slowQueryMonitor::logger
S 210-229 element flyway
S 212-212 element flyway::dataSource
S 213-218 element flyway::locations
S 219-219 element flyway::baselineOnMigrate
S 220-220 element flyway::validateOnMigrate
S 221-221 element flyway::outOfOrder
S 222-228 element flyway::placeholders
S 240-298 element namedQueries
S 241-297 element namedQueries::queries
S 300-305 element invoiceArchiver
S 303-303 element invoiceArchiver::retentionDays
S 304-304 element invoiceArchiver::batchSize
S 308-327 element databaseHealth
S 309-326 element databaseHealth::checks
S 311-314 element checks::primaryCheck
S 312-312 element primaryCheck::dataSource
S 313-313 element primaryCheck::query
S 315-319 element checks::replicaCheck
S 316-316 element replicaCheck::dataSource
S 317-317 element replicaCheck::query
S 318-318 element replicaCheck::maxLagSeconds
S 320-324 element checks::archiveCheck
S 321-321 element archiveCheck::dataSource
S 322-322 element archiveCheck::query
S 323-323 element archiveCheck::critical
S 330-333 element embeddedDataSource
S 335-337 element testJdbcTemplate

== config/logging.xml (354 lines)
S 1-354 module logging
S 16-16 element LOG_DIR
S 17-17 element APP_NAME
S 18-18 element MAX_HISTORY
S 19-19 element TOTAL_CAP
S 20-21 element CONSOLE_PATTERN
S 22-23 element FILE_PATTERN
S 42-51 element CONSOLE
S 53-65 element APP_FILE
S 67-109 element JSON_FILE
S 111-122 element AUDIT_FILE
S 124-137 element SQL_FILE
S 139-148 element ACCESS_FILE
S 150-156 element SYSLOG
S 158-174 element MAIL_ALERT
S 177-183 element ASYNC_APP
S 185-189 element ASYNC_JSON
S 191-195 element ASYNC_ACCESS
S 198-211 element PER_TENANT
S 204-209 element PER_TENANT::TENANT_FILE-${tenant}
S 230-233 element auditLogger
S 235-237 element sqlLogger
S 239-241 element httpAccessLogger
S 244-244 element com.example.warehouse
S 245-247 element com.example.warehouse.order
S 248-248 element com.example.warehouse.inventory
S 249-249 element com.example.warehouse.shipping
S 250-252 element com.example.warehouse.billing
S 253-255 element com.example.warehouse.security
S 256-258 element com.example.warehouse.persistence.SlowQueryMonitor
S 261-261 element org.springframework
S 262-262 element org.springframework.security
S 263-263 element org.springframework.jdbc.core.JdbcTemplate
S 264-264 element org.springframework.transaction
S 265-265 element org.flywaydb
S 266-266 element com.zaxxer.hikari
S 267-267 element com.zaxxer.hikari.pool.HikariPool
S 268-268 element org.postgresql
S 269-269 element io.netty
S 270-270 element org.apache.http.wire
S 291-297 element test
S 292-292 element test::com.example.warehouse
S 293-293 element test::auditLogger
S 299-303 element dev | local
S 300-300 element dev | local::com.example.warehouse
S 301-301 element dev | local::org.springframework.jdbc.core.JdbcTemplate
S 302-302 element dev | local::org.springframework.jdbc.core.StatementCreatorUtils
S 308-310 element METRICS
S 312-314 element com.example.warehouse.support.PrometheusReporter
S 317-319 element com.example.warehouse.i18n.Mensajería
S 325-341 element PAGERDUTY
S 343-345 element com.example.warehouse.order.OrderService
S 347-349 element com.example.warehouse.inventory.InventoryService
S 351-353 element com.example.warehouse.shipping.ShippingService

== config/security.xml (325 lines)
S 1-325 module security
S 26-53 element apiChain
S 58-84 element webChain
S 89-94 element webAuthenticationManager
S 96-100 element userDetailsService
S 102-104 element passwordEncoder
S 106-114 element lockoutAwareProvider
S 110-110 element lockoutAwareProvider::maxFailures
S 111-111 element lockoutAwareProvider::lockoutMinutes
S 112-112 element lockoutAwareProvider::clock
S 113-113 element lockoutAwareProvider::auditLog
S 116-120 element loginFailureHandler
S 118-118 element loginFailureHandler::defaultFailureUrl
S 119-119 element loginFailureHandler::provider
S 122-127 element loginSuccessHandler
S 124-124 element loginSuccessHandler::defaultTargetUrl
S 125-125 element loginSuccessHandler::alwaysUseDefaultTargetUrl
S 126-126 element loginSuccessHandler::auditLog
S 129-131 element csrfTokenRepository
S 136-141 element jwtConverter
S 137-137 element jwtConverter::scopeClaim
S 138-138 element jwtConverter::rolesClaim
S 139-139 element jwtConverter::tenantClaim
S 140-140 element jwtConverter::principalClaim
S 143-146 element apiEntryPoint
S 145-145 element apiEntryPoint::realmName
S 148-166 element corsSource
S 149-165 element corsSource::corsConfigurations
S 153-158 element corsConfigurations::allowedOrigins
S 159-159 element corsConfigurations::allowedMethods
S 160-160 element corsConfigurations::allowedHeaders
S 161-161 element corsConfigurations::maxAge
S 168-180 element rateLimitFilter
S 169-169 element rateLimitFilter::capacity
S 170-170 element rateLimitFilter::refillPerSecond
S 171-173 element rateLimitFilter::keyResolver
S 174-179 element rateLimitFilter::overrides
S 182-185 element tenantFilter
S 183-183 element tenantFilter::header
S 184-184 element tenantFilter::routingDataSource
S 187-194 element securityFilterChain
S 200-214 element roleHierarchy
S 216-220 element methodSecurityExpressionHandler
S 218-218 element methodSecurityExpressionHandler::roleHierarchy
S 219-219 element methodSecurityExpressionHandler::permissionEvaluator
S 222-234 element permissionEvaluator
S 224-224 element permissionEvaluator::orderRepository
S 225-225 element permissionEvaluator::invoiceRepository
S 226-233 element permissionEvaluator::rules
S 249-268 element devUsers
S 250-252 element devUsers::admin@example.com
S 253-255 element devUsers::supervisora@example.com
S 256-258 element devUsers::picker.01@example.com
S 259-261 element devUsers::shipper.01@example.com
S 262-264 element devUsers::contabilidad@example.com
S 265-267 element devUsers::müller@example.de
S 270-272 element devAuthenticationManager
S 279-299 element securityEventListener
S 281-281 element securityEventListener::auditLog
S 282-291 element securityEventListener::events
S 292-298 element securityEventListener::redactedFields
S 301-324 element passwordResetService
S 306-306 element passwordResetService::tokenTtlMinutes
S 307-307 element passwordResetService::resetUrl
S 308-323 element passwordResetService::policy
S 309-322 element policy::passwordPolicy
S 310-310 element passwordPolicy::minLength
S 311-311 element passwordPolicy::requireDigit
S 312-312 element passwordPolicy::requireSymbol
S 313-313 element passwordPolicy::historySize
S 314-321 element passwordPolicy::forbidden

== workflow/orders.xml (335 lines)
S 1-335 module orders
S 13-335 element warehouseDefinitions
S 27-27 element warehouseDefinitions::msgPaymentConfirmed
S 28-28 element warehouseDefinitions::msgOrderCancelled
S 29-29 element warehouseDefinitions::msgCarrierPickedUp
S 30-30 element warehouseDefinitions::sigStockReplenished
S 31-31 element warehouseDefinitions::sigWarehouseClosed
S 32-32 element warehouseDefinitions::errOutOfStock
S 33-33 element warehouseDefinitions::errPaymentDeclined
S 34-34 element warehouseDefinitions::errAddressInvalid
S 35-35 element warehouseDefinitions::escManualReview
S 37-37 element warehouseDefinitions::orderItem
S 38-38 element warehouseDefinitions::shipmentItem
S 39-39 element warehouseDefinitions::invoiceItem
S 44-51 element warehouseDefinitions::fulfilmentCollaboration
S 45-45 element fulfilmentCollaboration::customerPool
S 46-46 element fulfilmentCollaboration::warehousePool
S 47-48 element fulfilmentCollaboration::mfPayment
S 49-50 element fulfilmentCollaboration::mfCancel
S 56-276 element warehouseDefinitions::orderFulfilment
S 65-85 element orderFulfilment::fulfilmentLanes
S 66-73 element fulfilmentLanes::laneSystem
S 74-77 element fulfilmentLanes::laneSupervisor
S 78-80 element fulfilmentLanes::lanePicker
S 81-84 element fulfilmentLanes::laneShipper
S 87-89 element orderFulfilment::orderPlaced
S 91-96 element orderFulfilment::validateOrder
S 98-101 element orderFulfilment::invalidAddress
S 103-107 element orderFulfilment::isLargeOrder
S 109-122 element orderFulfilment::approveLargeOrder
S 115-115 element approveLargeOrder::approved
S 116-116 element approveLargeOrder::comment
S 124-128 element orderFulfilment::wasApproved
S 130-134 element orderFulfilment::joinApproval
S 136-145 element orderFulfilment::reserveStock
S 147-150 element orderFulfilment::outOfStock
S 152-157 element orderFulfilment::priceOrder
S 159-162 element orderFulfilment::waitForPayment
S 164-170 element orderFulfilment::paymentTimeout
S 172-175 element orderFulfilment::cancelBoundary
S 178-203 element orderFulfilment::pickingSubprocess
S 182-182 element pickingSubprocess::pickingStarted
S 183-183 element pickingSubprocess::splitZones
S 184-184 element pickingSubprocess::pickAmbient
S 185-187 element pickingSubprocess::pickChilled
S 188-188 element pickingSubprocess::pickBulky
S 189-189 element pickingSubprocess::joinZones
S 190-191 element pickingSubprocess::packOrder
S 192-192 element pickingSubprocess::pickingDone
S 194-194 element pickingSubprocess::sp01
S 195-195 element pickingSubprocess::sp02
S 196-196 element pickingSubprocess::sp03
S 197-197 element pickingSubprocess::sp04
S 198-198 element pickingSubprocess::sp05
S 199-199 element pickingSubprocess::sp06
S 200-200 element pickingSubprocess::sp07
S 201-201 element pickingSubprocess::sp08
S 202-202 element pickingSubprocess::sp09
S 205-210 element orderFulfilment::shipOrder
S 212-216 element orderFulfilment::awaitPickup
S 218-223 element orderFulfilment::issueInvoice
S 225-227 element orderFulfilment::orderCompleted
S 230-234 element orderFulfilment::manualReview
S 236-243 element orderFulfilment::releaseStock
S 245-248 element orderFulfilment::orderCancelled
S 251-251 element orderFulfilment::sf01
S 252-252 element orderFulfilment::sf02
S 253-255 element orderFulfilment::sf03
S 256-256 element orderFulfilment::sf04
S 257-257 element orderFulfilment::sf05
S 258-260 element orderFulfilment::sf06
S 261-261 element orderFulfilment::sf07
S 262-262 element orderFulfilment::sf08
S 263-263 element orderFulfilment::sf09
S 264-264 element orderFulfilment::sf10
S 265-265 element orderFulfilment::sf11
S 266-266 element orderFulfilment::sf12
S 267-267 element orderFulfilment::sf13
S 268-268 element orderFulfilment::sf14
S 269-269 element orderFulfilment::sf15
S 270-270 element orderFulfilment::sf20
S 271-271 element orderFulfilment::sf21
S 272-272 element orderFulfilment::sf22
S 273-273 element orderFulfilment::sf23
S 274-274 element orderFulfilment::sf24
S 275-275 element orderFulfilment::sf25
S 281-303 element warehouseDefinitions::replenishment
S 282-286 element replenishment::reorderPointReached
S 287-288 element replenishment::draftPurchaseOrder
S 289-289 element replenishment::approvePurchase
S 290-292 element replenishment::goodsReceived
S 293-294 element replenishment::putAway
S 295-297 element replenishment::replenished
S 298-298 element replenishment::rp01
S 299-299 element replenishment::rp02
S 300-300 element replenishment::rp03
S 301-301 element replenishment::rp04
S 302-302 element replenishment::rp05
S 308-334 element warehouseDefinitions::fulfilmentDiagram
S 309-333 element fulfilmentDiagram::fulfilmentPlane
S 310-312 element fulfilmentPlane::orderPlaced_di
S 313-315 element fulfilmentPlane::validateOrder_di
S 316-318 element fulfilmentPlane::isLargeOrder_di
S 319-321 element fulfilmentPlane::reserveStock_di
S 322-324 element fulfilmentPlane::pickingSubprocess_di
S 325-328 element fulfilmentPlane::sf01_di
S 329-332 element fulfilmentPlane::sf02_di
