# language=java files=6 symbols=344 relations=705 cross_file=142

== com/example/warehouse/app/OrderService.java (303 lines)
S 1-303 module OrderService
S 38-303 class OrderService
S 40-40 field OrderService::LOG
S 53-54 interface OrderService::Outcome
S 66-69 interface OrderService::PriceList
S 68-68 method PriceList::unitPrice
S 72-84 class OrderService::OrderNumbers
S 73-73 field OrderNumbers::sequence
S 74-74 field OrderNumbers::clock
S 76-78 method OrderNumbers::OrderNumbers
S 80-83 method OrderNumbers::next
S 86-86 field OrderService::orders
S 87-87 field OrderService::inventory
S 88-88 field OrderService::prices
S 89-89 field OrderService::rates
S 90-90 field OrderService::numbers
S 91-91 field OrderService::clock
S 92-92 field OrderService::largeOrderThreshold
S 93-93 field OrderService::subscribers
S 95-104 method OrderService::OrderService
S 106-108 method OrderService::subscribe
S 114-134 method OrderService::place
S 136-154 method OrderService::approve
S 156-163 method OrderService::confirmPayment
S 165-171 method OrderService::cancel
S 173-176 method OrderService::reserve
S 178-186 method OrderService::priceLines
S 188-196 method OrderService::save
S 202-204 method OrderService::find
S 206-208 method OrderService::countByState
S 210-215 method OrderService::largest
S 217-220 method OrderService::revenueSince
S 223-256 class OrderService::DailyReport
S 224-224 field DailyReport::byState
S 225-225 field DailyReport::revenue
S 226-226 field DailyReport::largest
S 228-232 method DailyReport::DailyReport
S 234-239 method DailyReport::build
S 241-243 method DailyReport::count
S 245-247 method DailyReport::revenue
S 249-255 method DailyReport::render
S 259-272 method OrderService::expiryJob
S 261-261 field OrderService::runs
S 263-270 method OrderService::run
S 275-287 method OrderService::demo
S 289-302 method OrderService::main
R 3:1 imports OrderService -> Inventory (x-file: com/example/warehouse/inventory/Inventory.java)
R 4:1 imports OrderService -> OutOfStockException (x-file: com/example/warehouse/inventory/Inventory.java)
R 5:1 imports OrderService -> ExchangeRates (x-file: com/example/warehouse/money/ExchangeRates.java)
R 6:1 imports OrderService -> Money (x-file: com/example/warehouse/money/Money.java)
R 7:1 imports OrderService -> Currency (x-file: com/example/warehouse/money/Money.java)
R 8:1 imports OrderService -> Order (x-file: com/example/warehouse/order/Order.java)
R 9:1 imports OrderService -> Line
R 10:1 imports OrderService -> OrderEvent (x-file: com/example/warehouse/order/Order.java)
R 11:1 imports OrderService -> Repository (x-file: com/example/warehouse/persistence/Repository.java)
R 12:1 imports OrderService -> Transactional
R 14:1 imports OrderService -> Clock
R 15:1 imports OrderService -> Duration
R 16:1 imports OrderService -> Instant
R 17:1 imports OrderService -> LocalDate
R 18:1 imports OrderService -> ArrayList
R 19:1 imports OrderService -> Comparator
R 20:1 imports OrderService -> LinkedHashMap
R 21:1 imports OrderService -> List
R 22:1 imports OrderService -> Map
R 23:1 imports OrderService -> Objects
R 24:1 imports OrderService -> Optional
R 25:1 imports OrderService -> AtomicLong
R 26:1 imports OrderService -> Consumer
R 27:1 imports OrderService -> Level
R 28:1 imports OrderService -> Logger
R 30:1 imports OrderService -> groupingBy
R 31:1 imports OrderService -> counting
R 45:21 calls OrderService -> requireNonNull
R 46:28 calls OrderService -> isEmpty
R 81:45 calls OrderNumbers::next -> getYear
R 81:34 calls OrderNumbers::next -> now
R 82:34 calls OrderNumbers::next -> formatted
R 82:59 calls OrderNumbers::next -> incrementAndGet
R 107:21 calls OrderService::subscribe -> add
R 116:28 calls OrderService::place -> priceLines
R 117:29 calls OrderService::place -> instant
R 118:29 calls OrderService::place -> place
R 118:43 calls OrderService::place -> next
R 118:59 calls OrderService::place -> customerId (x-file: com/example/warehouse/order/Order.java)
R 118:81 calls OrderService::place -> currency (x-file: com/example/warehouse/money/Money.java)
R 119:35 calls OrderService::place -> convert (x-file: com/example/warehouse/money/ExchangeRates.java)
R 119:49 calls OrderService::place -> total (x-file: com/example/warehouse/money/Money.java)
R 119:82 calls OrderService::place -> now
R 120:25 calls OrderService::place -> compareTo (x-file: com/example/warehouse/inventory/Inventory.java)
R 121:13 calls OrderService::place -> save
R 122:17 calls OrderService::place -> info
R 122:45 calls OrderService::place -> number (x-file: com/example/warehouse/order/Order.java)
R 123:46 calls OrderService::place -> id (x-file: com/example/warehouse/order/Order.java)
R 123:58 calls OrderService::place -> number (x-file: com/example/warehouse/order/Order.java)
R 123:74 calls OrderService::place -> total (x-file: com/example/warehouse/money/Money.java)
R 126:13 calls OrderService::place -> reserve
R 128:19 calls OrderService::place -> cancel
R 128:47 calls OrderService::place -> sku (x-file: com/example/warehouse/inventory/Inventory.java)
R 129:13 calls OrderService::place -> save
R 130:35 calls OrderService::place -> getMessage
R 132:9 calls OrderService::place -> save
R 133:35 calls OrderService::place -> id (x-file: com/example/warehouse/order/Order.java)
R 133:47 calls OrderService::place -> number (x-file: com/example/warehouse/order/Order.java)
R 133:63 calls OrderService::place -> total (x-file: com/example/warehouse/money/Money.java)
R 138:30 calls OrderService::approve -> getById (x-file: com/example/warehouse/persistence/Repository.java)
R 139:29 calls OrderService::approve -> instant
R 141:19 calls OrderService::approve -> cancel
R 142:13 calls OrderService::approve -> save
R 146:13 calls OrderService::approve -> reserve
R 148:19 calls OrderService::approve -> cancel
R 148:62 calls OrderService::approve -> sku (x-file: com/example/warehouse/inventory/Inventory.java)
R 149:13 calls OrderService::approve -> save
R 150:35 calls OrderService::approve -> getMessage
R 152:9 calls OrderService::approve -> save
R 153:35 calls OrderService::approve -> id (x-file: com/example/warehouse/order/Order.java)
R 153:47 calls OrderService::approve -> number (x-file: com/example/warehouse/order/Order.java)
R 153:63 calls OrderService::approve -> total (x-file: com/example/warehouse/money/Money.java)
R 160:14 calls OrderService::confirmPayment -> orElseThrow
R 159:14 calls OrderService::confirmPayment -> map (x-file: com/example/warehouse/persistence/Repository.java)
R 158:30 calls OrderService::confirmPayment -> findIdByNumber (x-file: com/example/warehouse/persistence/Repository.java)
R 161:15 calls OrderService::confirmPayment -> pay (x-file: com/example/warehouse/order/Order.java)
R 161:44 calls OrderService::confirmPayment -> instant
R 162:9 calls OrderService::confirmPayment -> save
R 167:30 calls OrderService::cancel -> getById (x-file: com/example/warehouse/persistence/Repository.java)
R 168:15 calls OrderService::cancel -> cancel
R 168:36 calls OrderService::cancel -> instant
R 169:19 calls OrderService::cancel -> release (x-file: com/example/warehouse/inventory/Inventory.java)
R 170:9 calls OrderService::cancel -> save
R 174:49 calls OrderService::reserve -> reserve
R 175:15 calls OrderService::reserve -> reserve
R 181:91 calls OrderService::priceLines -> entrySet
R 181:77 calls OrderService::priceLines -> quantities
R 182:34 calls OrderService::priceLines -> unitPrice
R 182:50 calls OrderService::priceLines -> getKey
R 182:68 calls OrderService::priceLines -> currency (x-file: com/example/warehouse/money/Money.java)
R 183:19 calls OrderService::priceLines -> add
R 183:48 calls OrderService::priceLines -> getKey
R 183:64 calls OrderService::priceLines -> getValue
R 190:15 calls OrderService::save -> drainEvents (x-file: com/example/warehouse/order/Order.java)
R 191:16 calls OrderService::save -> save
R 193:17 calls OrderService::save -> log
R 193:65 calls OrderService::save -> number (x-file: com/example/warehouse/order/Order.java)
R 193:81 calls OrderService::save -> describe (x-file: com/example/warehouse/order/Order.java)
R 194:25 calls OrderService::save -> forEach
R 194:40 calls OrderService::save -> accept
R 203:46 calls OrderService::find -> flatMap
R 203:23 calls OrderService::find -> findIdByNumber (x-file: com/example/warehouse/persistence/Repository.java)
R 207:50 calls OrderService::countByState -> collect
R 207:41 calls OrderService::countByState -> stream
R 207:23 calls OrderService::countByState -> findAll (x-file: com/example/warehouse/persistence/Repository.java)
R 207:58 calls OrderService::countByState -> groupingBy
R 207:83 calls OrderService::countByState -> counting
R 214:14 calls OrderService::largest -> toList
R 213:14 calls OrderService::largest -> limit
R 212:14 calls OrderService::largest -> sorted
R 211:41 calls OrderService::largest -> stream
R 211:23 calls OrderService::largest -> findAll (x-file: com/example/warehouse/persistence/Repository.java)
R 212:74 calls OrderService::largest -> reversed
R 212:32 calls OrderService::largest -> comparing
R 212:62 calls OrderService::largest -> byAmount (x-file: com/example/warehouse/money/Money.java)
R 218:28 calls OrderService::revenueSince -> instant
R 219:23 calls OrderService::revenueSince -> revenue
R 219:48 calls OrderService::revenueSince -> minus (x-file: com/example/warehouse/money/Money.java)
R 236:25 calls DailyReport::build -> countByState
R 237:25 calls DailyReport::build -> revenueSince
R 237:47 calls DailyReport::build -> ofDays
R 238:25 calls DailyReport::build -> largest
R 242:28 calls DailyReport::count -> getOrDefault
R 251:53 calls DailyReport::render -> append (x-file: com/example/warehouse/persistence/Repository.java)
R 251:37 calls DailyReport::render -> append (x-file: com/example/warehouse/persistence/Repository.java)
R 251:17 calls DailyReport::render -> append (x-file: com/example/warehouse/persistence/Repository.java)
R 252:21 calls DailyReport::render -> forEach
R 252:84 calls DailyReport::render -> append (x-file: com/example/warehouse/persistence/Repository.java)
R 252:74 calls DailyReport::render -> append (x-file: com/example/warehouse/persistence/Repository.java)
R 252:61 calls DailyReport::render -> append (x-file: com/example/warehouse/persistence/Repository.java)
R 252:47 calls DailyReport::render -> append (x-file: com/example/warehouse/persistence/Repository.java)
R 253:21 calls DailyReport::render -> forEach
R 253:112 calls DailyReport::render -> append (x-file: com/example/warehouse/persistence/Repository.java)
R 253:90 calls DailyReport::render -> append (x-file: com/example/warehouse/persistence/Repository.java)
R 253:78 calls DailyReport::render -> append (x-file: com/example/warehouse/persistence/Repository.java)
R 253:55 calls DailyReport::render -> append (x-file: com/example/warehouse/persistence/Repository.java)
R 253:42 calls DailyReport::render -> append (x-file: com/example/warehouse/persistence/Repository.java)
R 253:68 calls DailyReport::render -> number (x-file: com/example/warehouse/order/Order.java)
R 253:103 calls DailyReport::render -> total (x-file: com/example/warehouse/money/Money.java)
R 254:24 calls DailyReport::render -> toString (x-file: com/example/warehouse/inventory/Inventory.java)
R 266:41 calls OrderService::run -> expire (x-file: com/example/warehouse/inventory/Inventory.java)
R 268:25 calls OrderService::run -> info
R 277:61 calls OrderService::demo -> ofMinutes
R 277:95 calls OrderService::demo -> noop (x-file: com/example/warehouse/inventory/Inventory.java)
R 278:19 calls OrderService::demo -> receive (x-file: com/example/warehouse/inventory/Inventory.java)
R 278:58 calls OrderService::demo -> parse (x-file: com/example/warehouse/inventory/Inventory.java)
R 279:19 calls OrderService::demo -> receive (x-file: com/example/warehouse/inventory/Inventory.java)
R 279:58 calls OrderService::demo -> parse (x-file: com/example/warehouse/inventory/Inventory.java)
R 281:38 calls OrderService::demo -> of (x-file: com/example/warehouse/money/ExchangeRates.java)
R 282:38 calls OrderService::demo -> of (x-file: com/example/warehouse/money/ExchangeRates.java)
R 285:45 calls OrderService::demo -> identity (x-file: com/example/warehouse/money/ExchangeRates.java)
R 286:80 calls OrderService::demo -> of (x-file: com/example/warehouse/money/ExchangeRates.java)
R 290:32 calls OrderService::main -> demo
R 290:43 calls OrderService::main -> systemUTC
R 291:17 calls OrderService::main -> subscribe
R 291:47 calls OrderService::main -> println
R 291:61 calls OrderService::main -> describe (x-file: com/example/warehouse/order/Order.java)
R 292:35 calls OrderService::main -> place
R 292:86 calls OrderService::main -> of (x-file: com/example/warehouse/money/ExchangeRates.java)
R 294:48 calls OrderService::main -> number (x-file: com/example/warehouse/order/Order.java)
R 294:71 calls OrderService::main -> total (x-file: com/example/warehouse/money/Money.java)
R 295:68 calls OrderService::main -> number (x-file: com/example/warehouse/order/Order.java)
R 296:49 calls OrderService::main -> reason
R 298:20 calls OrderService::main -> println
R 299:40 calls OrderService::main -> equals (x-file: com/example/warehouse/money/Money.java)
R 300:33 calls OrderService::main -> run
R 300:21 calls OrderService::main -> expiryJob

== com/example/warehouse/inventory/Inventory.java (359 lines)
S 1-359 module Inventory
S 28-359 class Inventory
S 32-38 method Inventory::parse
S 40-42 method Inventory::isChilled
S 44-50 method Inventory::compareTo
S 52-55 method Inventory::toString
S 59-111 class Inventory::StockLevel
S 60-60 field StockLevel::sku
S 61-61 field StockLevel::location
S 62-62 field StockLevel::onHand
S 63-63 field StockLevel::reserved
S 65-69 method StockLevel::StockLevel
S 71-73 method StockLevel::sku
S 75-77 method StockLevel::location
S 79-81 method StockLevel::onHand
S 83-85 method StockLevel::reserved
S 87-89 method StockLevel::available
S 91-97 method StockLevel::tryReserve
S 99-101 method StockLevel::release
S 103-106 method StockLevel::consume
S 108-110 method StockLevel::receive
S 115-117 method Inventory::isExpired
S 121-140 class Inventory::OutOfStockException
S 122-122 field OutOfStockException::sku
S 123-123 field OutOfStockException::requested
S 124-124 field OutOfStockException::available
S 126-131 method OutOfStockException::OutOfStockException
S 133-135 method OutOfStockException::sku
S 137-139 method OutOfStockException::shortfall
S 143-162 interface Inventory::Listener
S 144-144 method Listener::stockReserved
S 146-146 method Listener::stockReleased
S 148-149 method Listener::reorderPointReached
S 151-161 method Listener::noop
S 153-155 method Listener::stockReserved
S 157-159 method Listener::stockReleased
S 168-168 field Inventory::levels
S 169-169 field Inventory::reservations
S 170-170 field Inventory::reorderPoints
S 171-171 field Inventory::lock
S 172-172 field Inventory::clock
S 173-173 field Inventory::reservationTtl
S 174-174 field Inventory::listener
S 176-180 method Inventory::Inventory
S 186-188 method Inventory::receive
S 190-192 method Inventory::setReorderPoint
S 194-196 method Inventory::available
S 198-202 method Inventory::availableByLocation
S 204-206 method Inventory::levelsOf
S 208-218 method Inventory::levelAt
S 228-246 method Inventory::reserve
S 248-257 method Inventory::reserveLine
S 259-278 method Inventory::splitLine
S 280-284 method Inventory::newReservation
S 287-292 method Inventory::release
S 295-300 method Inventory::consume
S 303-329 method Inventory::expire
S 305-316 class Inventory::Expired
S 306-306 field Expired::count
S 308-315 method Expired::test
S 331-336 method Inventory::reservationsOf
S 338-341 method Inventory::undo
S 343-349 method Inventory::checkReorderPoint
S 351-358 method Inventory::withLock
R 3:1 imports Inventory -> Order (x-file: com/example/warehouse/order/Order.java)
R 4:1 imports Inventory -> Line
R 6:1 imports Inventory -> Clock
R 7:1 imports Inventory -> Duration
R 8:1 imports Inventory -> Instant
R 9:1 imports Inventory -> ArrayList
R 10:1 imports Inventory -> Comparator
R 11:1 imports Inventory -> HashMap
R 12:1 imports Inventory -> Iterator
R 13:1 imports Inventory -> List
R 14:1 imports Inventory -> Map
R 15:1 imports Inventory -> Optional
R 16:1 imports Inventory -> UUID
R 17:1 imports Inventory -> Lock
R 18:1 imports Inventory -> ReentrantLock
R 19:1 imports Inventory -> Predicate
R 20:1 imports Inventory -> Collectors
R 21:1 imports Inventory -> Stream
R 33:35 calls Inventory::parse -> split (x-file: com/example/warehouse/money/Money.java)
R 37:51 calls Inventory::parse -> parseInt
R 37:79 calls Inventory::parse -> parseInt
R 41:25 calls Inventory::isChilled -> startsWith
R 49:18 calls Inventory::compareTo -> compare
R 48:18 calls Inventory::compareTo -> thenComparingInt
R 47:18 calls Inventory::compareTo -> thenComparingInt
R 46:31 calls Inventory::compareTo -> comparing
R 54:33 calls Inventory::toString -> formatted
R 92:17 calls StockLevel::tryReserve -> available
R 100:29 calls StockLevel::release -> max (x-file: com/example/warehouse/money/Money.java)
R 104:13 calls StockLevel::consume -> release
R 116:31 calls Inventory::isExpired -> isAfter
R 121:53 extends Inventory::OutOfStockException -> RuntimeException
R 187:9 calls Inventory::receive -> withLock
R 187:47 calls Inventory::receive -> receive
R 187:24 calls Inventory::receive -> levelAt
R 191:23 calls Inventory::setReorderPoint -> put
R 195:71 calls Inventory::available -> sum
R 195:39 calls Inventory::available -> mapToInt
R 195:30 calls Inventory::available -> stream
R 195:16 calls Inventory::available -> levelsOf
R 201:14 calls Inventory::availableByLocation -> collect
R 200:14 calls Inventory::availableByLocation -> filter
R 199:30 calls Inventory::availableByLocation -> stream
R 199:16 calls Inventory::availableByLocation -> levelsOf
R 200:36 calls Inventory::availableByLocation -> available
R 201:33 calls Inventory::availableByLocation -> toMap
R 205:23 calls Inventory::levelsOf -> getOrDefault
R 205:46 calls Inventory::levelsOf -> of (x-file: com/example/warehouse/money/ExchangeRates.java)
R 209:40 calls Inventory::levelAt -> computeIfAbsent
R 211:34 calls Inventory::levelAt -> equals (x-file: com/example/warehouse/money/Money.java)
R 211:23 calls Inventory::levelAt -> location
R 216:14 calls Inventory::levelAt -> add
R 229:14 calls Inventory::reserve -> lock
R 233:40 calls Inventory::reserve -> lines (x-file: com/example/warehouse/order/Order.java)
R 234:26 calls Inventory::reserve -> addAll
R 234:33 calls Inventory::reserve -> reserveLine
R 234:51 calls Inventory::reserve -> id (x-file: com/example/warehouse/order/Order.java)
R 237:22 calls Inventory::reserve -> forEach
R 237:35 calls Inventory::reserve -> undo
R 240:18 calls Inventory::reserve -> forEach
R 241:18 calls Inventory::reserve -> forEach
R 241:31 calls Inventory::reserve -> checkReorderPoint
R 241:51 calls Inventory::reserve -> sku
R 242:55 calls Inventory::reserve -> toList
R 242:34 calls Inventory::reserve -> map (x-file: com/example/warehouse/persistence/Repository.java)
R 242:25 calls Inventory::reserve -> stream
R 244:18 calls Inventory::reserve -> unlock
R 249:45 calls Inventory::reserveLine -> plus (x-file: com/example/warehouse/money/Money.java)
R 249:35 calls Inventory::reserveLine -> instant
R 252:14 calls Inventory::reserveLine -> max (x-file: com/example/warehouse/money/Money.java)
R 251:14 calls Inventory::reserveLine -> filter
R 250:60 calls Inventory::reserveLine -> stream
R 250:39 calls Inventory::reserveLine -> levelsOf
R 250:53 calls Inventory::reserveLine -> sku
R 251:36 calls Inventory::reserveLine -> available
R 251:56 calls Inventory::reserveLine -> quantity
R 252:29 calls Inventory::reserveLine -> comparingInt
R 253:20 calls Inventory::reserveLine -> isPresent
R 253:48 calls Inventory::reserveLine -> tryReserve
R 253:42 calls Inventory::reserveLine -> get (x-file: com/example/warehouse/money/ExchangeRates.java)
R 253:64 calls Inventory::reserveLine -> quantity
R 254:25 calls Inventory::reserveLine -> of (x-file: com/example/warehouse/money/ExchangeRates.java)
R 254:28 calls Inventory::reserveLine -> newReservation
R 254:57 calls Inventory::reserveLine -> sku
R 254:77 calls Inventory::reserveLine -> location
R 254:71 calls Inventory::reserveLine -> get (x-file: com/example/warehouse/money/ExchangeRates.java)
R 254:94 calls Inventory::reserveLine -> quantity
R 256:16 calls Inventory::reserveLine -> splitLine
R 260:30 calls Inventory::splitLine -> quantity
R 264:14 calls Inventory::splitLine -> iterator
R 263:14 calls Inventory::splitLine -> sorted
R 262:64 calls Inventory::splitLine -> stream
R 262:43 calls Inventory::splitLine -> levelsOf
R 262:57 calls Inventory::splitLine -> sku
R 263:68 calls Inventory::splitLine -> reversed
R 263:32 calls Inventory::splitLine -> comparingInt
R 265:44 calls Inventory::splitLine -> hasNext
R 266:43 calls Inventory::splitLine -> next (x-file: com/example/warehouse/app/OrderService.java)
R 267:29 calls Inventory::splitLine -> min (x-file: com/example/warehouse/money/Money.java)
R 267:50 calls Inventory::splitLine -> available
R 268:35 calls Inventory::splitLine -> tryReserve
R 269:23 calls Inventory::splitLine -> add
R 269:27 calls Inventory::splitLine -> newReservation
R 269:56 calls Inventory::splitLine -> sku
R 269:69 calls Inventory::splitLine -> location
R 274:19 calls Inventory::splitLine -> forEach
R 274:32 calls Inventory::splitLine -> undo
R 275:48 calls Inventory::splitLine -> sku
R 275:60 calls Inventory::splitLine -> quantity
R 275:77 calls Inventory::splitLine -> quantity
R 281:69 calls Inventory::newReservation -> toString
R 281:56 calls Inventory::newReservation -> randomUUID
R 282:22 calls Inventory::newReservation -> put
R 282:38 calls Inventory::newReservation -> id (x-file: com/example/warehouse/order/Order.java)
R 288:9 calls Inventory::release -> withLock
R 288:48 calls Inventory::release -> forEach
R 288:24 calls Inventory::release -> reservationsOf
R 289:13 calls Inventory::release -> undo
R 290:22 calls Inventory::release -> stockReleased
R 296:9 calls Inventory::consume -> withLock
R 296:48 calls Inventory::consume -> forEach
R 296:24 calls Inventory::consume -> reservationsOf
R 297:44 calls Inventory::consume -> consume
R 297:13 calls Inventory::consume -> levelAt
R 297:23 calls Inventory::consume -> sku
R 297:32 calls Inventory::consume -> location
R 297:54 calls Inventory::consume -> quantity
R 298:26 calls Inventory::consume -> remove
R 298:35 calls Inventory::consume -> id (x-file: com/example/warehouse/order/Order.java)
R 304:29 calls Inventory::expire -> instant
R 305:34 implements Inventory::Expired -> Predicate
R 305:44 implements Inventory::Expired -> Reservation
R 310:47 calls Expired::test -> isExpired
R 318:14 calls Inventory::expire -> lock
R 320:84 calls Inventory::expire -> toList
R 320:68 calls Inventory::expire -> filter
R 320:59 calls Inventory::expire -> stream
R 320:50 calls Inventory::expire -> values (x-file: com/example/warehouse/money/ExchangeRates.java)
R 322:17 calls Inventory::expire -> undo
R 323:26 calls Inventory::expire -> stockReleased
R 326:18 calls Inventory::expire -> unlock
R 335:14 calls Inventory::reservationsOf -> stream
R 334:14 calls Inventory::reservationsOf -> toList
R 333:14 calls Inventory::reservationsOf -> filter
R 332:38 calls Inventory::reservationsOf -> stream
R 332:29 calls Inventory::reservationsOf -> values (x-file: com/example/warehouse/money/ExchangeRates.java)
R 333:38 calls Inventory::reservationsOf -> equals (x-file: com/example/warehouse/money/Money.java)
R 333:28 calls Inventory::reservationsOf -> orderId (x-file: com/example/warehouse/order/Order.java)
R 339:60 calls Inventory::undo -> release
R 339:9 calls Inventory::undo -> levelAt
R 339:29 calls Inventory::undo -> sku
R 339:48 calls Inventory::undo -> location
R 339:80 calls Inventory::undo -> quantity
R 340:22 calls Inventory::undo -> remove
R 340:41 calls Inventory::undo -> id (x-file: com/example/warehouse/order/Order.java)
R 344:39 calls Inventory::checkReorderPoint -> get (x-file: com/example/warehouse/money/ExchangeRates.java)
R 345:25 calls Inventory::checkReorderPoint -> available
R 347:22 calls Inventory::checkReorderPoint -> reorderPointReached
R 352:14 calls Inventory::withLock -> lock
R 354:20 calls Inventory::withLock -> run (x-file: com/example/warehouse/app/OrderService.java)
R 356:18 calls Inventory::withLock -> unlock

== com/example/warehouse/money/ExchangeRates.java (315 lines)
S 1-315 module ExchangeRates
S 30-315 interface ExchangeRates
S 34-34 method ExchangeRates::rate
S 36-42 method ExchangeRates::convert
S 44-46 method ExchangeRates::convertToday
S 48-50 method ExchangeRates::fixed
S 52-59 method ExchangeRates::identity
S 85-100 interface ExchangeRates::RateSource
S 87-87 method RateSource::eurRates
S 89-99 method RateSource::withFallback
S 103-107 class ExchangeRates::RateSourceException
S 104-106 method RateSourceException::RateSourceException
S 110-114 class ExchangeRates::UnknownRateException
S 111-113 method UnknownRateException::UnknownRateException
S 121-146 class ExchangeRates::FixedRates
S 123-123 field FixedRates::perEuro
S 125-130 method FixedRates::FixedRates
S 132-137 method FixedRates::rate
S 139-145 method FixedRates::lookup
S 152-248 class ExchangeRates::CachedRates
S 154-154 field CachedRates::source
S 155-155 field CachedRates::clock
S 156-156 field CachedRates::ttl
S 157-157 field CachedRates::cache
S 158-158 field CachedRates::lock
S 159-159 field CachedRates::stats
S 162-164 method CachedRates::isFresh
S 167-171 method CachedRates::CachedRates
S 173-183 method CachedRates::rate
S 185-197 method CachedRates::ratesFor
S 199-213 method CachedRates::refresh
S 215-224 method CachedRates::load
S 227-229 method CachedRates::warmUp
S 231-233 method CachedRates::stats
S 235-237 method CachedRates::count
S 239-247 method CachedRates::close
S 254-274 class ExchangeRates::Memo
S 255-255 field Memo::values
S 256-256 field Memo::compute
S 258-260 method Memo::Memo
S 262-265 method Memo::apply
S 267-269 method Memo::of
S 271-273 method Memo::andThenMemo
S 277-292 method ExchangeRates::constant
S 279-279 field ExchangeRates::calls
S 281-285 method ExchangeRates::eurRates
S 287-290 method ExchangeRates::toString
S 295-314 method ExchangeRates::lazyDefault
S 297-297 field ExchangeRates::instance
S 299-312 method ExchangeRates::get
R 3:1 imports ExchangeRates -> Currency (x-file: com/example/warehouse/money/Money.java)
R 5:1 imports ExchangeRates -> Documented
R 6:1 imports ExchangeRates -> ElementType
R 7:1 imports ExchangeRates -> Retention
R 8:1 imports ExchangeRates -> RetentionPolicy
R 9:1 imports ExchangeRates -> Target
R 10:1 imports ExchangeRates -> BigDecimal
R 11:1 imports ExchangeRates -> MathContext
R 12:1 imports ExchangeRates -> Clock
R 13:1 imports ExchangeRates -> Duration
R 14:1 imports ExchangeRates -> Instant
R 15:1 imports ExchangeRates -> LocalDate
R 16:1 imports ExchangeRates -> EnumMap
R 17:1 imports ExchangeRates -> HashMap
R 18:1 imports ExchangeRates -> Map
R 19:1 imports ExchangeRates -> Optional
R 20:1 imports ExchangeRates -> ConcurrentHashMap
R 21:1 imports ExchangeRates -> ReentrantReadWriteLock
R 22:1 imports ExchangeRates -> Function
R 23:1 imports ExchangeRates -> Supplier
R 24:1 imports ExchangeRates -> Logger
R 37:20 calls ExchangeRates::convert -> currency (x-file: com/example/warehouse/money/Money.java)
R 40:27 calls ExchangeRates::convert -> rate
R 40:39 calls ExchangeRates::convert -> currency (x-file: com/example/warehouse/money/Money.java)
R 41:22 calls ExchangeRates::convert -> of
R 41:41 calls ExchangeRates::convert -> multiply
R 41:32 calls ExchangeRates::convert -> amount (x-file: com/example/warehouse/money/Money.java)
R 45:16 calls ExchangeRates::convertToday -> convert
R 45:46 calls ExchangeRates::convertToday -> now
R 93:36 calls RateSource::withFallback -> eurRates
R 95:47 calls RateSource::withFallback -> warning
R 95:28 calls RateSource::withFallback -> getLogger
R 95:85 calls RateSource::withFallback -> getMessage
R 96:37 calls RateSource::withFallback -> eurRates
R 103:39 extends ExchangeRates::RateSourceException -> Exception
R 110:40 extends ExchangeRates::UnknownRateException -> IllegalStateException
R 122:39 implements ExchangeRates::FixedRates -> ExchangeRates
R 127:18 calls FixedRates::FixedRates -> putAll
R 128:18 calls FixedRates::FixedRates -> put
R 134:35 calls FixedRates::rate -> lookup
R 135:33 calls FixedRates::rate -> lookup
R 136:27 calls FixedRates::rate -> divide
R 140:39 calls FixedRates::lookup -> get
R 153:40 implements ExchangeRates::CachedRates -> ExchangeRates
R 153:55 implements ExchangeRates::CachedRates -> AutoCloseable
R 163:43 calls CachedRates::isFresh -> isAfter
R 163:33 calls CachedRates::isFresh -> plus (x-file: com/example/warehouse/money/Money.java)
R 176:47 calls CachedRates::rate -> ratesFor
R 178:18 calls CachedRates::rate -> orElseThrow
R 177:44 calls CachedRates::rate -> ofNullable
R 177:61 calls CachedRates::rate -> get
R 180:18 calls CachedRates::rate -> orElseThrow
R 179:42 calls CachedRates::rate -> ofNullable
R 179:59 calls CachedRates::rate -> get
R 181:13 calls CachedRates::rate -> count
R 182:27 calls CachedRates::rate -> divide
R 186:33 calls CachedRates::ratesFor -> instant
R 187:29 calls CachedRates::ratesFor -> lock
R 187:18 calls CachedRates::ratesFor -> readLock
R 189:37 calls CachedRates::ratesFor -> get
R 190:44 calls CachedRates::ratesFor -> isFresh
R 191:34 calls CachedRates::ratesFor -> rates (x-file: com/example/warehouse/app/OrderService.java)
R 194:33 calls CachedRates::ratesFor -> unlock
R 194:22 calls CachedRates::ratesFor -> readLock
R 196:20 calls CachedRates::ratesFor -> refresh
R 200:30 calls CachedRates::refresh -> lock
R 200:18 calls CachedRates::refresh -> writeLock
R 202:37 calls CachedRates::refresh -> get
R 203:44 calls CachedRates::refresh -> isFresh
R 204:34 calls CachedRates::refresh -> rates (x-file: com/example/warehouse/app/OrderService.java)
R 206:52 calls CachedRates::refresh -> load
R 207:23 calls CachedRates::refresh -> put
R 208:17 calls CachedRates::refresh -> count
R 211:34 calls CachedRates::refresh -> unlock
R 211:22 calls CachedRates::refresh -> writeLock
R 217:72 calls CachedRates::load -> eurRates
R 218:23 calls CachedRates::load -> put
R 221:17 calls CachedRates::load -> count
R 228:13 calls CachedRates::warmUp -> refresh
R 228:31 calls CachedRates::warmUp -> now
R 228:49 calls CachedRates::warmUp -> instant
R 232:24 calls CachedRates::stats -> copyOf
R 236:19 calls CachedRates::count -> merge
R 241:30 calls CachedRates::close -> lock
R 241:18 calls CachedRates::close -> writeLock
R 243:23 calls CachedRates::close -> clear
R 245:34 calls CachedRates::close -> unlock
R 245:22 calls CachedRates::close -> writeLock
R 254:39 implements ExchangeRates::Memo -> Function
R 254:48 implements ExchangeRates::Memo -> K
R 254:51 implements ExchangeRates::Memo -> V
R 264:27 calls Memo::apply -> computeIfAbsent
R 272:25 calls Memo::andThenMemo -> of
R 272:40 calls Memo::andThenMemo -> apply
R 272:46 calls Memo::andThenMemo -> apply
R 306:46 calls ExchangeRates::get -> constant
R 306:59 calls ExchangeRates::get -> of
R 307:85 calls ExchangeRates::get -> ofHours

== com/example/warehouse/money/Money.java (373 lines)
S 1-373 module Money
S 25-373 class Money
S 28-58 enum Money::Currency
S 29-29 field Currency::EUR
S 30-30 field Currency::USD
S 31-31 field Currency::GBP
S 32-32 field Currency::JPY
S 34-34 field Currency::scale
S 35-35 field Currency::symbol
S 37-40 method Currency::Currency
S 42-44 method Currency::scale
S 46-48 method Currency::symbol
S 50-57 method Currency::parse
S 61-82 enum Money::RoundingPolicy
S 62-67 field RoundingPolicy::HALF_EVEN
S 68-73 field RoundingPolicy::HALF_UP
S 74-79 field RoundingPolicy::DOWN
S 81-81 method RoundingPolicy::mode
S 84-84 field Money::DEFAULT_ROUNDING
S 86-86 field Money::amount
S 87-87 field Money::currency
S 89-92 method Money::Money
S 98-100 method Money::of
S 102-104 method Money::of
S 106-108 method Money::of
S 110-112 method Money::zero
S 115-128 method Money::parse
S 134-136 method Money::amount
S 138-140 method Money::currency
S 142-144 method Money::minorUnits
S 146-148 method Money::isZero
S 150-152 method Money::isNegative
S 154-156 method Money::isPositive
S 162-165 method Money::plus
S 167-170 method Money::minus
S 172-174 method Money::times
S 176-178 method Money::times
S 180-182 method Money::negate
S 184-186 method Money::percent
S 188-190 method Money::max
S 192-194 method Money::min
S 200-213 method Money::split
S 216-218 method Money::allocate
S 220-224 method Money::requireSameCurrency
S 230-234 method Money::compareTo
S 236-245 method Money::equals
S 247-250 method Money::hashCode
S 252-255 method Money::toString
S 257-261 method Money::format
S 268-271 method Money::summing
S 273-275 method Money::byAmount
S 282-326 class Money::Allocation
S 283-283 field Allocation::shares
S 285-287 method Allocation::Allocation
S 289-313 method Allocation::of
S 315-317 method Allocation::shares
S 319-321 method Allocation::share
S 323-325 method Allocation::total
S 338-340 method Money::contains
S 342-344 method Money::width
S 348-365 class Money::CurrencyMismatchException
S 349-349 field CurrencyMismatchException::expected
S 350-350 field CurrencyMismatchException::actual
S 352-356 method CurrencyMismatchException::CurrencyMismatchException
S 358-360 method CurrencyMismatchException::expected
S 362-364 method CurrencyMismatchException::actual
S 368-372 class Money::MoneyFormatException
S 369-371 method MoneyFormatException::MoneyFormatException
R 3:1 imports Money -> BigDecimal
R 4:1 imports Money -> RoundingMode
R 5:1 imports Money -> ArrayList
R 6:1 imports Money -> Collections
R 7:1 imports Money -> Comparator
R 8:1 imports Money -> List
R 9:1 imports Money -> Locale
R 10:1 imports Money -> Objects
R 11:1 imports Money -> NumberFormat
R 12:1 imports Money -> BinaryOperator
R 13:1 imports Money -> Collector
R 14:1 imports Money -> Collectors
R 16:1 imports Money -> requireNonNull
R 25:37 implements Money -> Comparable
R 25:48 implements Money -> Money
R 51:31 calls Currency::parse -> values (x-file: com/example/warehouse/money/ExchangeRates.java)
R 52:30 calls Currency::parse -> equalsIgnoreCase
R 52:23 calls Currency::parse -> name
R 52:52 calls Currency::parse -> trim
R 90:25 calls Money::Money -> requireNonNull
R 91:56 calls Money::Money -> setScale
R 91:23 calls Money::Money -> requireNonNull
R 91:74 calls Money::Money -> scale
R 91:100 calls Money::Money -> mode
R 103:16 calls Money::of -> of
R 107:16 calls Money::of -> of
R 107:30 calls Money::of -> valueOf
R 107:59 calls Money::of -> scale
R 111:16 calls Money::zero -> of
R 116:38 calls Money::parse -> split
R 116:31 calls Money::parse -> trim
R 121:27 calls Money::parse -> isLetter
R 121:45 calls Money::parse -> charAt
R 122:24 calls Money::parse -> of
R 122:46 calls Money::parse -> parse
R 124:20 calls Money::parse -> of
R 124:42 calls Money::parse -> parse
R 126:52 calls Money::parse -> getMessage
R 143:56 calls Money::minorUnits -> longValueExact
R 143:23 calls Money::minorUnits -> movePointRight
R 143:47 calls Money::minorUnits -> scale
R 147:23 calls Money::isZero -> signum
R 151:23 calls Money::isNegative -> signum
R 155:23 calls Money::isPositive -> signum
R 163:9 calls Money::plus -> requireSameCurrency
R 164:33 calls Money::plus -> add
R 168:9 calls Money::minus -> requireSameCurrency
R 169:33 calls Money::minus -> subtract
R 173:33 calls Money::times -> multiply
R 173:53 calls Money::times -> valueOf
R 177:33 calls Money::times -> multiply
R 181:33 calls Money::negate -> negate
R 185:16 calls Money::percent -> times
R 185:27 calls Money::percent -> movePointLeft
R 189:16 calls Money::max -> compareTo
R 193:16 calls Money::min -> compareTo
R 204:22 calls Money::split -> minorUnits
R 210:20 calls Money::split -> add
R 210:24 calls Money::split -> of
R 212:28 calls Money::split -> unmodifiableList
R 217:27 calls Money::allocate -> of
R 232:9 calls Money::compareTo -> requireSameCurrency
R 233:23 calls Money::compareTo -> compareTo
R 244:53 calls Money::equals -> compareTo
R 249:24 calls Money::hashCode -> hash
R 249:36 calls Money::hashCode -> stripTrailingZeros
R 254:23 calls Money::toString -> toPlainString
R 254:56 calls Money::toString -> name
R 258:44 calls Money::format -> getCurrencyInstance
R 259:16 calls Money::format -> setCurrency
R 259:47 calls Money::format -> getInstance
R 259:68 calls Money::format -> name
R 260:23 calls Money::format -> format
R 270:27 calls Money::summing -> reducing
R 270:36 calls Money::summing -> zero
R 274:27 calls Money::byAmount -> comparing
R 300:32 calls Allocation::of -> minorUnits
R 305:24 calls Allocation::of -> add
R 305:34 calls Allocation::of -> of
R 305:50 calls Allocation::of -> currency
R 308:65 calls Allocation::of -> size (x-file: com/example/warehouse/persistence/Repository.java)
R 309:24 calls Allocation::of -> set
R 309:45 calls Allocation::of -> plus
R 309:38 calls Allocation::of -> get (x-file: com/example/warehouse/money/ExchangeRates.java)
R 309:56 calls Allocation::of -> of
R 309:68 calls Allocation::of -> currency
R 312:47 calls Allocation::of -> unmodifiableList
R 320:27 calls Allocation::share -> get (x-file: com/example/warehouse/money/ExchangeRates.java)
R 324:36 calls Allocation::total -> collect
R 324:27 calls Allocation::total -> stream
R 324:44 calls Allocation::total -> summing
R 324:66 calls Allocation::total -> currency
R 324:59 calls Allocation::total -> get (x-file: com/example/warehouse/money/ExchangeRates.java)
R 331:13 calls Money -> requireNonNull
R 332:13 calls Money -> requireNonNull
R 333:21 calls Money -> compareTo
R 339:26 calls Money::contains -> compareTo
R 339:55 calls Money::contains -> compareTo
R 343:24 calls Money::width -> minus
R 348:59 extends Money::CurrencyMismatchException -> IllegalArgumentException
R 368:54 extends Money::MoneyFormatException -> IllegalArgumentException

== com/example/warehouse/order/Order.java (336 lines)
S 1-336 module Order
S 22-336 class Order
S 30-32 method Order::random
S 34-36 method Order::parse
S 48-50 method Order::subtotal
S 52-54 method Order::withQuantity
S 61-124 enum Order::State
S 62-67 field State::NEW
S 68-73 field State::RESERVED
S 74-79 field State::PAID
S 80-85 field State::PICKED
S 86-91 field State::SHIPPED
S 92-102 field State::INVOICED
S 103-113 field State::CANCELLED
S 115-115 method State::next
S 117-119 method State::isTerminal
S 121-123 method State::canMoveTo
S 127-135 interface Order::OrderEvent
S 128-128 method OrderEvent::orderId
S 130-130 method OrderEvent::at
S 132-134 method OrderEvent::type
S 159-176 class Order::IllegalTransitionException
S 160-160 field IllegalTransitionException::from
S 161-161 field IllegalTransitionException::to
S 163-167 method IllegalTransitionException::IllegalTransitionException
S 169-171 method IllegalTransitionException::from
S 173-175 method IllegalTransitionException::to
S 182-182 field Order::id
S 183-183 field Order::number
S 184-184 field Order::customerId
S 185-185 field Order::currency
S 186-186 field Order::lines
S 187-187 field Order::pending
S 188-188 field Order::state
S 189-189 field Order::trackingNumber
S 191-196 method Order::Order
S 199-207 method Order::place
S 209-214 method Order::addLine
S 220-223 method Order::reserve
S 225-231 method Order::pay
S 233-236 method Order::pick
S 238-242 method Order::ship
S 244-247 method Order::invoice
S 249-252 method Order::cancel
S 254-259 method Order::moveTo
S 261-264 method Order::record
S 270-272 method Order::id
S 274-276 method Order::number
S 278-280 method Order::customerId
S 282-284 method Order::state
S 286-288 method Order::lines
S 290-292 method Order::trackingNumber
S 294-296 method Order::total
S 298-300 method Order::isLarge
S 303-306 method Order::drainEvents
S 309-319 method Order::describe
S 322-330 method Order::summary
S 332-335 method Order::toString
R 3:1 imports Order -> Money (x-file: com/example/warehouse/money/Money.java)
R 4:1 imports Order -> Currency (x-file: com/example/warehouse/money/Money.java)
R 6:1 imports Order -> Instant
R 7:1 imports Order -> ArrayList
R 8:1 imports Order -> Collections
R 9:1 imports Order -> EnumSet
R 10:1 imports Order -> List
R 11:1 imports Order -> Objects
R 12:1 imports Order -> Optional
R 13:1 imports Order -> Set
R 14:1 imports Order -> UUID
R 15:1 imports Order -> Consumer
R 27:21 calls Order -> requireNonNull
R 31:32 calls Order::random -> randomUUID
R 35:32 calls Order::parse -> fromString
R 45:21 calls Order -> requireNonNull
R 49:30 calls Order::subtotal -> times (x-file: com/example/warehouse/money/Money.java)
R 122:27 calls State::canMoveTo -> contains (x-file: com/example/warehouse/money/Money.java)
R 122:20 calls State::canMoveTo -> next
R 133:31 calls OrderEvent::type -> getSimpleName
R 133:20 calls OrderEvent::type -> getClass
R 159:66 extends Order::IllegalTransitionException -> IllegalStateException
R 200:19 calls Order::place -> isEmpty
R 203:36 calls Order::place -> random
R 204:15 calls Order::place -> forEach
R 205:15 calls Order::place -> record
R 205:64 calls Order::place -> copyOf
R 210:30 calls Order::addLine -> currency
R 210:18 calls Order::addLine -> unitPrice (x-file: com/example/warehouse/app/OrderService.java)
R 211:82 calls Order::addLine -> currency
R 211:70 calls Order::addLine -> unitPrice (x-file: com/example/warehouse/app/OrderService.java)
R 213:15 calls Order::addLine -> add
R 221:9 calls Order::reserve -> moveTo
R 222:16 calls Order::reserve -> record
R 222:49 calls Order::reserve -> copyOf
R 226:21 calls Order::pay -> equals (x-file: com/example/warehouse/money/Money.java)
R 226:28 calls Order::pay -> total
R 227:88 calls Order::pay -> total
R 229:9 calls Order::pay -> moveTo
R 230:16 calls Order::pay -> record
R 234:9 calls Order::pick -> moveTo
R 235:16 calls Order::pick -> record
R 239:9 calls Order::ship -> moveTo
R 241:16 calls Order::ship -> record
R 245:9 calls Order::invoice -> moveTo
R 246:16 calls Order::invoice -> record
R 250:9 calls Order::cancel -> moveTo
R 251:16 calls Order::cancel -> record
R 255:20 calls Order::moveTo -> canMoveTo
R 262:17 calls Order::record -> add
R 287:28 calls Order::lines -> unmodifiableList
R 291:25 calls Order::trackingNumber -> ofNullable
R 295:51 calls Order::total -> collect
R 295:31 calls Order::total -> map (x-file: com/example/warehouse/persistence/Repository.java)
R 295:22 calls Order::total -> stream
R 295:65 calls Order::total -> summing (x-file: com/example/warehouse/money/Money.java)
R 299:24 calls Order::isLarge -> compareTo (x-file: com/example/warehouse/inventory/Inventory.java)
R 299:16 calls Order::isLarge -> total
R 304:17 calls Order::drainEvents -> forEach
R 305:17 calls Order::drainEvents -> clear
R 311:57 calls Order::describe -> size (x-file: com/example/warehouse/persistence/Repository.java)
R 311:49 calls Order::describe -> lines
R 312:65 calls Order::describe -> size (x-file: com/example/warehouse/persistence/Repository.java)
R 312:48 calls Order::describe -> reservationIds
R 313:40 calls Order::describe -> amount (x-file: com/example/warehouse/money/Money.java)
R 314:47 calls Order::describe -> picker
R 315:51 calls Order::describe -> carrier
R 315:72 calls Order::describe -> trackingNumber
R 316:51 calls Order::describe -> invoiceNumber
R 317:51 calls Order::describe -> reason
R 329:25 calls Order::summary -> formatted
R 329:68 calls Order::summary -> size (x-file: com/example/warehouse/persistence/Repository.java)
R 329:76 calls Order::summary -> total
R 334:58 calls Order::toString -> total

== com/example/warehouse/persistence/Repository.java (303 lines)
S 1-303 module Repository
S 34-303 interface Repository
S 36-36 method Repository::findById
S 38-38 method Repository::findAll
S 40-40 method Repository::save
S 42-42 method Repository::delete
S 44-46 method Repository::getById
S 48-50 method Repository::exists
S 52-54 method Repository::saveAll
S 56-58 method Repository::close
S 70-74 class Repository::NotFoundException
S 71-73 method NotFoundException::NotFoundException
S 77-88 class Repository::PersistenceException
S 78-78 field PersistenceException::sql
S 80-83 method PersistenceException::PersistenceException
S 85-87 method PersistenceException::sql
S 92-95 method Repository::of
S 97-99 method Repository::nextOffset
S 103-106 interface Repository::RowMapper
S 105-105 method RowMapper::map
S 113-144 class Repository::InMemory
S 114-114 field InMemory::rows
S 115-115 field InMemory::idOf
S 117-119 method InMemory::InMemory
S 121-124 method InMemory::findById
S 126-129 method InMemory::findAll
S 131-134 method InMemory::save
S 136-139 method InMemory::delete
S 141-143 method InMemory::size
S 151-221 class Repository::Jdbc
S 152-152 field Jdbc::dataSource
S 153-153 field Jdbc::table
S 155-158 method Jdbc::Jdbc
S 160-160 method Jdbc::mapper
S 162-162 method Jdbc::insertValues
S 164-164 method Jdbc::insertSql
S 166-171 method Jdbc::findById
S 173-177 method Jdbc::findAll
S 179-183 method Jdbc::save
S 185-189 method Jdbc::delete
S 191-203 method Jdbc::query
S 205-212 method Jdbc::update
S 214-220 method Jdbc::prepare
S 224-283 class Repository::Orders
S 225-229 field Orders::INSERT
S 231-231 field Orders::outbox
S 233-236 method Orders::Orders
S 238-243 method Orders::mapper
S 245-248 method Orders::insertSql
S 250-257 method Orders::insertValues
S 259-264 method Orders::save
S 266-273 method Orders::findIdByNumber
S 275-282 method Orders::revenue
S 286-302 class Repository::Outbox
S 287-287 field Outbox::buffer
S 289-291 method Outbox::append
S 293-297 method Outbox::drain
S 299-301 method Outbox::size
R 3:1 imports Repository -> Money (x-file: com/example/warehouse/money/Money.java)
R 4:1 imports Repository -> Currency (x-file: com/example/warehouse/money/Money.java)
R 5:1 imports Repository -> Order (x-file: com/example/warehouse/order/Order.java)
R 6:1 imports Repository -> OrderEvent (x-file: com/example/warehouse/order/Order.java)
R 8:1 imports Repository -> ElementType
R 9:1 imports Repository -> Retention
R 10:1 imports Repository -> RetentionPolicy
R 11:1 imports Repository -> Target
R 12:1 imports Repository -> Connection
R 13:1 imports Repository -> PreparedStatement
R 14:1 imports Repository -> ResultSet
R 15:1 imports Repository -> SQLException
R 16:1 imports Repository -> Timestamp
R 17:1 imports Repository -> Instant
R 18:1 imports Repository -> ArrayList
R 19:1 imports Repository -> Collection
R 20:1 imports Repository -> List
R 21:1 imports Repository -> Map
R 22:1 imports Repository -> Optional
R 23:1 imports Repository -> ConcurrentHashMap
R 24:1 imports Repository -> Function
R 25:1 imports Repository -> DataSource
R 45:29 calls Repository::getById -> orElseThrow
R 45:16 calls Repository::getById -> findById
R 49:29 calls Repository::exists -> isPresent
R 49:16 calls Repository::exists -> findById
R 53:20 calls Repository::saveAll -> forEach
R 70:37 extends Repository::NotFoundException -> RuntimeException
R 77:40 extends Repository::PersistenceException -> RuntimeException
R 81:25 calls PersistenceException::PersistenceException -> getMessage
R 93:36 calls Repository::of -> size
R 94:46 calls Repository::of -> subList
R 98:35 calls Repository::nextOffset -> size
R 113:38 implements Repository::InMemory -> Repository
R 113:49 implements Repository::InMemory -> T
R 113:52 implements Repository::InMemory -> ID
R 123:29 calls InMemory::findById -> ofNullable
R 123:45 calls InMemory::findById -> get (x-file: com/example/warehouse/money/ExchangeRates.java)
R 128:69 calls InMemory::findAll -> toList
R 128:56 calls InMemory::findAll -> limit
R 128:43 calls InMemory::findAll -> skip
R 128:34 calls InMemory::findAll -> stream
R 128:25 calls InMemory::findAll -> values (x-file: com/example/warehouse/money/ExchangeRates.java)
R 133:18 calls InMemory::save -> put
R 133:27 calls InMemory::save -> apply (x-file: com/example/warehouse/money/ExchangeRates.java)
R 138:25 calls InMemory::delete -> remove
R 142:25 calls InMemory::size -> size
R 151:43 implements Repository::Jdbc -> Repository
R 151:54 implements Repository::Jdbc -> T
R 151:57 implements Repository::Jdbc -> ID
R 169:29 calls Jdbc::findById -> query
R 169:79 calls Jdbc::findById -> mapper
R 170:35 calls Jdbc::findById -> findFirst
R 170:26 calls Jdbc::findById -> stream
R 176:20 calls Jdbc::findAll -> query
R 176:86 calls Jdbc::findAll -> mapper
R 182:13 calls Jdbc::save -> update
R 182:20 calls Jdbc::save -> insertSql
R 182:33 calls Jdbc::save -> insertValues
R 188:20 calls Jdbc::delete -> update
R 192:44 calls Jdbc::query -> getConnection
R 193:41 calls Jdbc::query -> prepare
R 194:36 calls Jdbc::query -> executeQuery
R 196:27 calls Jdbc::query -> next (x-file: com/example/warehouse/app/OrderService.java)
R 197:25 calls Jdbc::query -> add
R 197:39 calls Jdbc::query -> map
R 206:44 calls Jdbc::update -> getConnection
R 207:41 calls Jdbc::update -> prepare
R 208:27 calls Jdbc::update -> executeUpdate
R 215:38 calls Jdbc::prepare -> prepareStatement
R 217:20 calls Jdbc::prepare -> setObject
R 224:32 extends Repository::Orders -> Jdbc
R 224:37 extends Repository::Orders -> Order (x-file: com/example/warehouse/order/Order.java)
R 224:44 extends Repository::Orders -> Order (x-file: com/example/warehouse/order/Order.java)
R 224:50 extends Repository::Orders -> Id
R 252:33 calls Orders::insertValues -> total (x-file: com/example/warehouse/money/Money.java)
R 254:28 calls Orders::insertValues -> value
R 254:23 calls Orders::insertValues -> id (x-file: com/example/warehouse/order/Order.java)
R 254:43 calls Orders::insertValues -> number (x-file: com/example/warehouse/order/Order.java)
R 254:59 calls Orders::insertValues -> customerId (x-file: com/example/warehouse/order/Order.java)
R 254:87 calls Orders::insertValues -> name
R 254:79 calls Orders::insertValues -> state (x-file: com/example/warehouse/order/Order.java)
R 255:23 calls Orders::insertValues -> amount (x-file: com/example/warehouse/money/Money.java)
R 255:50 calls Orders::insertValues -> name
R 255:39 calls Orders::insertValues -> currency (x-file: com/example/warehouse/money/Money.java)
R 262:19 calls Orders::save -> save
R 263:19 calls Orders::save -> drainEvents (x-file: com/example/warehouse/order/Order.java)
R 268:34 calls Orders::findIdByNumber -> query
R 270:39 calls Orders::findIdByNumber -> getObject
R 272:33 calls Orders::findIdByNumber -> findFirst
R 272:24 calls Orders::findIdByNumber -> stream
R 277:34 calls Orders::revenue -> query
R 279:29 calls Orders::revenue -> of
R 279:35 calls Orders::revenue -> getBigDecimal
R 280:26 calls Orders::revenue -> name
R 280:44 calls Orders::revenue -> from (x-file: com/example/warehouse/order/Order.java)
R 280:66 calls Orders::revenue -> from (x-file: com/example/warehouse/order/Order.java)
R 281:36 calls Orders::revenue -> collect
R 281:27 calls Orders::revenue -> stream
R 281:50 calls Orders::revenue -> summing (x-file: com/example/warehouse/money/Money.java)
R 290:20 calls Outbox::append -> add
R 294:41 calls Outbox::drain -> copyOf
R 295:20 calls Outbox::drain -> clear
R 300:27 calls Outbox::size -> size
